// Jest Snapshot v1, https://goo.gl/fbAQLP

exports[`deserialize image 1`] = `
{
  "caption": "'Jack's profile picture'",
  "children": [
    {
      "text": "",
    },
  ],
  "link": "https://avatars.githubusercontent.com/u/2148168",
  "type": "img",
}
`;
