// Jest Snapshot v1, https://goo.gl/fbAQLP

exports[`When the list has thematic breaks 1`] = `
[
  {
    "children": [
      {
        "text": "",
      },
    ],
    "type": "thematic_break",
  },
  {
    "children": [
      {
        "text": "foo",
      },
    ],
    "type": "p",
  },
]
`;
